# commit: 0cab8fbdf454051a868a13743d1790b4ca4a1673
# started: 2026-09-21T15:18:20.584896
# command: python3 examples/threshold_sensitivity.py

AIReSim — ThresholdRemoval Sensitivity Analysis
======================================================================
  Base regime:
    working_pool_size = 4600  (headroom 488)
    bad servers       = 384 (8%)
    multiplier        = 20.0×
    manual_fail_prob  = 0.75  (fix rate ≈ 28%)
    recovery_time     = 60 min
    job_length        = 14 days compute
    replications      = 8

── Sweep: Failure-rate multiplier ──
   value           NeverRemove         Thresh ≥2/7d               Thresh ≥3/7d             
   -------------------------------------------------------------------------------------
   1×               1572.8± 40.1    +7.9h / 20ret            +0.0h / 0ret          
   2×               1633.0± 39.6    +27.9h / 20ret            -3.2h / 0ret          
   5×               1848.3± 47.1    +16.1h / 34ret            +14.3h / 0ret          
   10×              2095.6± 40.1    -41.5h / 59ret            -12.6h / 2ret          
   15×              2267.6± 65.9    -49.7h / 83ret            -7.3h / 3ret          
   20×              2394.6± 38.7    -88.8h / 106ret            -9.5h / 4ret          
   25×              2470.6± 54.7    -127.6h / 115ret            -4.8h / 6ret          
   30×              2535.5± 58.1    -174.9h / 128ret            -26.6h / 10ret          

   Thresh ≥2/7d benefit starts at: 10×
   Thresh ≥3/7d benefit starts at: 2×

   Saved → /home/karthik/Programs/airesim/examples/threshold_sensitivity_figures/sweep_systematic_failure_rate_multiplier.png

── Sweep: Manual repair fail prob ──
   value           NeverRemove         Thresh ≥2/7d               Thresh ≥3/7d             
   -------------------------------------------------------------------------------------
   0.0              1874.5± 46.8    -9.2h / 29ret            +0.0h / 0ret          
   0.2              1934.4± 36.1    +7.1h / 41ret            +11.7h / 1ret          
   0.4              2067.5± 44.2    -42.7h / 59ret            -6.5h / 2ret          
   0.6              2221.0± 51.1    -54.0h / 77ret            +11.6h / 3ret          
   0.75             2394.6± 38.7    -88.8h / 106ret            -9.5h / 4ret          
   0.9              2606.0± 37.8    -101.9h / 128ret            -5.0h / 7ret          

   Thresh ≥2/7d benefit starts at: 0.0
   Thresh ≥3/7d benefit starts at: 0.4

   Saved → /home/karthik/Programs/airesim/examples/threshold_sensitivity_figures/sweep_manual_repair_fail_prob.png

── Sweep: Pool headroom (servers above minimum) ──
   value           NeverRemove         Thresh ≥2/7d               Thresh ≥3/7d             
   -------------------------------------------------------------------------------------
   +18              2345.4± 49.0    -60.4h / 96ret            +4.9h / 5ret          
   +88              2379.0± 46.1    -86.0h / 101ret            +4.8h / 4ret          
   +188             2355.0± 34.4    -97.0h / 97ret            -8.7h / 4ret          
   +288             2392.9± 58.0    -135.4h / 100ret            +3.5h / 5ret          
   +388             2341.5± 27.9    -64.3h / 103ret            +14.4h / 3ret          
   +488             2394.6± 38.7    -88.8h / 106ret            -9.5h / 4ret          
   +688             2396.2± 36.5    -54.7h / 105ret            +23.9h / 5ret          

   Thresh ≥2/7d benefit starts at: +18
   Thresh ≥3/7d benefit starts at: +188

   Saved → /home/karthik/Programs/airesim/examples/threshold_sensitivity_figures/sweep_working_pool_size.png

── Sweep: Bad-server fraction ──
   value           NeverRemove         Thresh ≥2/7d               Thresh ≥3/7d             
   -------------------------------------------------------------------------------------
   1%               1595.4± 24.0    -20.1h / 30ret            -10.4h / 0ret          
   3%               1837.3± 59.9    -55.0h / 58ret            -41.4h / 2ret          
   5%               2065.0± 42.1    -65.7h / 75ret            -3.9h / 3ret          
   8%               2394.6± 38.7    -88.8h / 106ret            -9.5h / 4ret          
   12%              2860.6± 32.1    -116.0h / 129ret            -27.7h / 4ret          
   20%              3800.4± 49.7    -174.9h / 172ret            -0.0h / 5ret          

   Thresh ≥2/7d benefit starts at: 1%
   Thresh ≥3/7d benefit starts at: 1%

   Saved → /home/karthik/Programs/airesim/examples/threshold_sensitivity_figures/sweep_systematic_failure_fraction.png

── Sweep: Recovery time (min/failure) ──
   value           NeverRemove         Thresh ≥2/7d               Thresh ≥3/7d             
   -------------------------------------------------------------------------------------
   5                 500.0±  3.1    -12.5h / 228ret            -2.3h / 46ret          
   10                670.7±  8.7    -31.6h / 207ret            -2.6h / 37ret          
   20               1012.9± 13.9    -49.6h / 172ret            -1.9h / 20ret          
   40               1701.9± 35.7    -93.8h / 133ret            -4.3h / 6ret          
   60               2394.6± 38.7    -88.8h / 106ret            -9.5h / 4ret          
   90               3442.2± 72.0    -104.3h / 74ret            +11.8h / 2ret          

   Thresh ≥2/7d benefit starts at: 5
   Thresh ≥3/7d benefit starts at: 5

   Saved → /home/karthik/Programs/airesim/examples/threshold_sensitivity_figures/sweep_recovery_time.png

── Sweep: Auto repair fail prob ──
   value           NeverRemove         Thresh ≥2/7d               Thresh ≥3/7d             
   -------------------------------------------------------------------------------------
   0.0              2229.1± 67.1    -47.1h / 76ret            -29.8h / 2ret          
   0.2              2281.0± 22.6    -82.0h / 84ret            -32.5h / 3ret          
   0.4              2370.8± 58.6    -112.7h / 95ret            -9.5h / 3ret          
   0.6              2394.6± 38.7    -88.8h / 106ret            -9.5h / 4ret          
   0.8              2439.4± 44.9    -66.1h / 109ret            +42.5h / 4ret          

   Thresh ≥2/7d benefit starts at: 0.0
   Thresh ≥3/7d benefit starts at: 0.0

   Saved → /home/karthik/Programs/airesim/examples/threshold_sensitivity_figures/sweep_auto_repair_fail_prob.png

── Sweep: Spare pool size ──
   value           NeverRemove         Thresh ≥2/7d               Thresh ≥3/7d             
   -------------------------------------------------------------------------------------
   50               2401.1± 42.2    -68.0h / 98ret            -31.2h / 4ret          
   100              2417.5± 54.8    -121.8h / 107ret            -29.5h / 5ret          
   150              2358.5± 59.8    -52.7h / 104ret            +5.8h / 4ret          
   200              2394.6± 38.7    -88.8h / 106ret            -9.5h / 4ret          
   300              2384.5± 75.3    -90.0h / 105ret            +15.1h / 4ret          
   500              2380.0± 17.7    -61.1h / 103ret            +6.0h / 4ret          

   Thresh ≥2/7d benefit starts at: 50
   Thresh ≥3/7d benefit starts at: 50

   Saved → /home/karthik/Programs/airesim/examples/threshold_sensitivity_figures/sweep_spare_pool_size.png

Saving overview plot …
  Saved → /home/karthik/Programs/airesim/examples/threshold_sensitivity_figures/overview.png
  Saved → /home/karthik/Programs/airesim/examples/threshold_sensitivity_figures/sensitivity_summary.csv

======================================================================
Crossover summary — first value where retirement saves time (no depletion)
======================================================================
  Parameter                                 Thresh ≥2/7d          Thresh ≥3/7d
  ----------------------------------------------------------------------
  Failure-rate multiplier                   10×                   2×
  Manual repair fail prob                   0.0                   0.4
  Pool headroom (servers above minimum)     +18                   +188
  Bad-server fraction                       1%                    1%
  Recovery time (min/failure)               5                     5
  Auto repair fail prob                     0.0                   0.0
  Spare pool size                           50                    50

======================================================================
Done. Output written to: /home/karthik/Programs/airesim/examples/threshold_sensitivity_figures
  overview.png  (280 KB)
  run.log  (7 KB)
  sensitivity_summary.csv  (9 KB)
  sweep_auto_repair_fail_prob.png  (85 KB)
  sweep_manual_repair_fail_prob.png  (92 KB)
  sweep_recovery_time.png  (98 KB)
  sweep_spare_pool_size.png  (83 KB)
  sweep_systematic_failure_fraction.png  (95 KB)
  sweep_systematic_failure_rate_multiplier.png  (93 KB)
  sweep_working_pool_size.png  (92 KB)

# finished: 2026-09-21T17:29:37.211096 exit=0
